// Vitest Snapshot v1, https://vitest.dev/guide/snapshot.html

exports[`renders correctly 1`] = `
[
  <div
    className="fixed bottom-0 right-0 z-[1010] "
    onClick={[Function]}
  >
    <div
      style={
        {
          "opacity": 0,
        }
      }
    >
      <div
        className="h-screen w-screen bg-[#000]"
      />
    </div>
  </div>,
  <div
    className="fixed left-[50%] top-[15%] z-[1020]"
    style={
      {
        "opacity": 0,
        "transform": "translateX(-50%) translateZ(0)",
      }
    }
  >
    <div
      className="flex h-[70vh] w-[80vw] flex-col rounded-lg bg-neutral-100 p-6 dark:bg-neutral-100-dark"
    >
      <div
        className="flex justify-between"
      >
        <h2>
          Test
        </h2>
        <button
          className="rounded-lg border border-neutral-600 px-5 py-2.5 text-center text-sm font-medium hover:bg-neutral-600 focus:outline-none focus:ring-4 focus:ring-blue-300 sm:w-auto"
          onClick={[MockFunction spy]}
        >
          x
        </button>
      </div>
      <div
        className="flex h-full max-h-[60vh] w-full justify-center p-4"
      >
        Test
      </div>
    </div>
  </div>,
]
`;
