// Vitest Snapshot v1, https://vitest.dev/guide/snapshot.html

exports[`renders correctly 1`] = `
<div>
  <h2
    className="mb-2 text-sm font-medium"
  >
    Permaplant
  </h2>
  <p>
    This is a test.
  </p>
</div>
`;
