// Jest Snapshot v1, https://goo.gl/fbAQLP

exports[`renders correctly 1`] = `
<div
  className="mx-auto w-full px-4 py-8 md:w-[900px] undefined"
>
  <h1
    className="mb-8 text-2xl"
  >
    My Maps
  </h1>
  <button
    className="button disabled:bg-neutral-300 disabled:border-neutral-300 disabled:text-neutral-500 dark:disabled:bg-neutral-300-dark dark:disabled:border-neutral-300-dark dark:disabled:text-neutral-500-dark disabled:cursor-not-allowed focus:outline-none focus:ring-4 focus:ring-blue-300 border bg-primary-500 dark:bg-primary-300 border-primary-500 hover:bg-primary-600 dark:hover:bg-primary-200 active:bg-primary-900 text-primary-50 dark:text-primary-700 mb-8 max-w-[240px] grow"
    onClick={[Function]}
    title="Create new map"
    type="button"
  >
    New Map
  </button>
  <section
    className="mb-12"
  />
  <footer
    className="m-4 rounded-lg bg-white shadow dark:bg-neutral-800"
  >
    <div
      className="mx-auto w-full max-w-screen-xl p-4 md:flex md:items-center md:justify-between"
    >
      <span
        className="text-sm text-secondary-500 dark:text-secondary-300 sm:text-center"
      >
        Â© 2023 PermaplanT
      </span>
      <span
        className="text-sm text-secondary-500 dark:text-secondary-300 sm:text-center"
      >
        <a
          href="https://github.com/ElektraInitiative/PermaplanT"
          style={
            {
              "alignItems": "center",
              "display": "flex",
              "flexDirection": "column",
            }
          }
        >
          <img
            alt="PermaplanT drawing"
            id="home"
            src="/github-mark/github-mark-white.svg"
            style={
              {
                "height": "33px",
                "width": "33px",
              }
            }
          />
        </a>
      </span>
      <ul
        className="mt-3 flex flex-wrap items-center text-sm font-medium text-gray-500 dark:text-gray-400 sm:mt-0"
      >
        <li>
          <a
            className="items-center text-sm justify-center space-x-2"
            href="/imprint"
            onClick={[Function]}
          >
            <button>
              Imprint
            </button>
          </a>
        </li>
      </ul>
    </div>
  </footer>
</div>
`;
